Component: ARM Compiler 5.06 update 1 (build 61) Tool: armlink [4d35a8]

==============================================================================

Section Cross References

    main.o(.text) refers to os_cpu_a.o(OSKernelschedular) for OS_CPU_SR_Save
    main.o(.text) refers to my_inet.o(.text) for my_inet_aton
    main.o(.text) refers to lpc177x_8x_eeprom.o(.text) for LPC1778_EEPROM_Init
    main.o(.text) refers to os_time.o(.text) for OSTimeDly
    main.o(.text) refers to delay.o(.text) for delay_nms
    main.o(.text) refers to sim800c.o(.text) for GSM_TCPC
    main.o(.text) refers to printfa.o(i.__0sprintf) for __2sprintf
    main.o(.text) refers to uart0.o(.text) for UART0Write_Str
    main.o(.text) refers to os_mbox.o(.text) for OSMboxAccept
    main.o(.text) refers to cmd_process.o(.text) for Cmd_process
    main.o(.text) refers to adc.o(.text) for CHANNEL
    main.o(.text) refers to startup_lpc17xx.o(.text) for Reset_Handler
    main.o(.text) refers to system_lpc177x_8x.o(.text) for SystemInit
    main.o(.text) refers to os_core.o(.text) for OSInit
    main.o(.text) refers to os_cpu_c.o(.text) for OS_CPU_SysTickInit
    main.o(.text) refers to os_task.o(.text) for OSTaskCreate
    main.o(.text) refers to main.o(.bss) for EPROM
    main.o(.text) refers to main.o(.data) for flag
    main.o(.text) refers to adc.o(.data) for hardware_way
    main.o(.text) refers to system_lpc177x_8x.o(.data) for SystemCoreClock
    cmd_process.o(.text) refers to strstr.o(.text) for strstr
    cmd_process.o(.text) refers to printfa.o(i.__0sprintf) for __2sprintf
    cmd_process.o(.text) refers to lpc177x_8x_eeprom.o(.text) for Save_To_EPROM
    cmd_process.o(.text) refers to sim800c.o(.text) for sim800c_send_to
    cmd_process.o(.text) refers to strcat.o(.text) for strcat
    cmd_process.o(.text) refers to main.o(.bss) for EPROM
    cmd_process.o(.text) refers to main.o(.data) for GSM_CMD_FLAG
    cmd_process.o(.text) refers to sim800c.o(.data) for GSM_MSG_ERR4
    cmd_process.o(.text) refers to os_time.o(.text) for OSTimeDly
    cmd_process.o(.text) refers to startup_lpc17xx.o(.text) for Reset_Handler
    cmd_process.o(.text) refers to dfltui.o(.text) for __aeabi_ui2d
    cmd_process.o(.text) refers to dmul.o(.text) for __aeabi_dmul
    cmd_process.o(.text) refers to dadd.o(.text) for __aeabi_dadd
    cmd_process.o(.text) refers to d2f.o(.text) for __aeabi_d2f
    cmd_process.o(.text) refers to delay.o(.text) for delay_nms
    cmd_process.o(.text) refers to main.o(.constdata) for SVersion
    cmd_process.o(.text) refers to uart0.o(.text) for UART0Write_Str
    cmd_process.o(.text) refers to cfrcmple.o(.text) for __aeabi_cfrcmple
    cmd_process.o(.text) refers to fmul.o(.text) for __aeabi_fmul
    cmd_process.o(.text) refers to ffixui.o(.text) for __aeabi_f2uiz
    cmd_process.o(.text) refers to fadd.o(.text) for __aeabi_fsub
    cmd_process.o(.text) refers to adc.o(.data) for power
    cmd_process.o(.text) refers to my_inet.o(.text) for my_inet_ntoa
    cmd_process.o(.text) refers to strchr.o(.text) for strchr
    cmd_process.o(.text) refers to main.o(.text) for restore_set
    log.o(.text) refers to uart.o(.text) for UART1Write_Str
    log.o(.text) refers to uart0.o(.text) for UART0Write_Str
    log.o(.text) refers to cfrcmple.o(.text) for __aeabi_cfrcmple
    log.o(.text) refers to fmul.o(.text) for __aeabi_fmul
    log.o(.text) refers to ffixui.o(.text) for __aeabi_f2uiz
    log.o(.text) refers to fadd.o(.text) for __aeabi_fsub
    log.o(.text) refers to os_time.o(.text) for OSTimeDly
    log.o(.text) refers to os_cpu_a.o(OSKernelschedular) for OS_CPU_SR_Save
    log.o(.text) refers to lpc177x_8x_eeprom.o(.text) for EEPROM_Write
    log.o(.text) refers to adc.o(.data) for power
    log.o(.text) refers to main.o(.data) for POWER_STAT
    log.o(.text) refers to main.o(.bss) for EPROM
    cjson.o(.text) refers to _scanf_int.o(.text) for _scanf_int
    cjson.o(.text) refers to tolower.o(.text) for tolower
    cjson.o(.text) refers to strlen.o(.text) for strlen
    cjson.o(.text) refers to memcpya.o(.text) for __aeabi_memcpy
    cjson.o(.text) refers to memseta.o(.text) for __aeabi_memclr4
    cjson.o(.text) refers to dflti.o(.text) for __aeabi_i2d
    cjson.o(.text) refers to dmul.o(.text) for __aeabi_dmul
    cjson.o(.text) refers to dadd.o(.text) for __aeabi_dadd
    cjson.o(.text) refers to pow.o(i.pow) for pow
    cjson.o(.text) refers to dfixi.o(.text) for __aeabi_d2iz
    cjson.o(.text) refers to cdcmple.o(.text) for __aeabi_cdcmple
    cjson.o(.text) refers to cdrcmple.o(.text) for __aeabi_cdrcmple
    cjson.o(.text) refers to printfa.o(i.__0sprintf) for __2sprintf
    cjson.o(.text) refers to floor.o(i.floor) for floor
    cjson.o(.text) refers to dfixui.o(.text) for __aeabi_d2uiz
    cjson.o(.text) refers to cjson.o(.data) for ep
    cjson.o(.text) refers to __0sscanf.o(.text) for __0sscanf
[...]
    .text                                    0x0000ab1c   Section        0  _scanf_int.o(.text)
    .text                                    0x0000ac68   Section        0  fadd.o(.text)
    .text                                    0x0000ad18   Section        0  fmul.o(.text)
    .text                                    0x0000ad7c   Section        0  fdiv.o(.text)
    .text                                    0x0000adf8   Section        0  dadd.o(.text)
    .text                                    0x0000af46   Section        0  dmul.o(.text)
    .text                                    0x0000b02a   Section        0  ddiv.o(.text)
    .text                                    0x0000b108   Section        0  fflti.o(.text)
    .text                                    0x0000b11a   Section        0  ffltui.o(.text)
    .text                                    0x0000b124   Section        0  dflti.o(.text)
    .text                                    0x0000b146   Section        0  dfltui.o(.text)
    .text                                    0x0000b160   Section        0  ffixi.o(.text)
    .text                                    0x0000b192   Section        0  ffixui.o(.text)
    .text                                    0x0000b1ba   Section        0  dfixi.o(.text)
    .text                                    0x0000b1f8   Section        0  dfixui.o(.text)
    .text                                    0x0000b22a   Section        0  f2d.o(.text)
    .text                                    0x0000b250   Section       48  cdcmple.o(.text)
    .text                                    0x0000b280   Section       48  cdrcmple.o(.text)
    .text                                    0x0000b2b0   Section        0  d2f.o(.text)
    .text                                    0x0000b2e8   Section       20  cfcmple.o(.text)
    .text                                    0x0000b2fc   Section       20  cfrcmple.o(.text)
    .text                                    0x0000b310   Section        0  uidiv.o(.text)
    .text                                    0x0000b33c   Section        0  uldiv.o(.text)
    .text                                    0x0000b39e   Section        0  llshl.o(.text)
    .text                                    0x0000b3bc   Section        0  llushr.o(.text)
    .text                                    0x0000b3dc   Section        0  llsshr.o(.text)
    .text                                    0x0000b400   Section        0  _chval.o(.text)
    .text                                    0x0000b41c   Section        0  scanf_char.o(.text)
    _scanf_char_input                        0x0000b41d   Thumb Code    12  scanf_char.o(.text)
    .text                                    0x0000b444   Section        0  _sgetc.o(.text)
    .text                                    0x0000b484   Section        0  iusefp.o(.text)
    .text                                    0x0000b484   Section        0  fepilogue.o(.text)
    .text                                    0x0000b4f2   Section        0  depilogue.o(.text)
    .text                                    0x0000b5ac   Section        0  dscalb.o(.text)
    .text                                    0x0000b5da   Section        0  dfixul.o(.text)
    .text                                    0x0000b60c   Section       36  init.o(.text)
    .text                                    0x0000b630   Section        0  isspace_c.o(.text)
    .text                                    0x0000b63c   Section        0  _scanf.o(.text)
    .text                                    0x0000b968   Section        0  dsqrt.o(.text)
    .text                                    0x0000ba0c   Section        0  ctype_c.o(.text)
    .text                                    0x0000ba34   Section        0  __dczerorl2.o(.text)
    OSKernelschedular                        0x0000ba8c   Section      160  os_cpu_a.o(OSKernelschedular)
    i.__0sprintf                             0x0000bb2c   Section        0  printfa.o(i.__0sprintf)
    i.__ARM_fpclassify                       0x0000bb54   Section        0  fpclassify.o(i.__ARM_fpclassify)
    i.__kernel_poly                          0x0000bb7c   Section        0  poly.o(i.__kernel_poly)
    i.__mathlib_dbl_divzero                  0x0000bc28   Section        0  dunder.o(i.__mathlib_dbl_divzero)
    i.__mathlib_dbl_infnan                   0x0000bc38   Section        0  dunder.o(i.__mathlib_dbl_infnan)
    i.__mathlib_dbl_infnan2                  0x0000bc3e   Section        0  dunder.o(i.__mathlib_dbl_infnan2)
    i.__mathlib_dbl_invalid                  0x0000bc42   Section        0  dunder.o(i.__mathlib_dbl_invalid)
    i.__mathlib_dbl_overflow                 0x0000bc4e   Section        0  dunder.o(i.__mathlib_dbl_overflow)
    i.__mathlib_dbl_underflow                0x0000bc5c   Section        0  dunder.o(i.__mathlib_dbl_underflow)
    i.__scatterload_copy                     0x0000bc6c   Section       14  handlers.o(i.__scatterload_copy)
    i.__scatterload_null                     0x0000bc7a   Section        2  handlers.o(i.__scatterload_null)
    i.__scatterload_zeroinit                 0x0000bc7c   Section       14  handlers.o(i.__scatterload_zeroinit)
    i.__set_errno                            0x0000bc8c   Section        0  errno.o(i.__set_errno)
    i._fp_digits                             0x0000bc98   Section        0  printfa.o(i._fp_digits)
    _fp_digits                               0x0000bc99   Thumb Code   334  printfa.o(i._fp_digits)
    i._printf_core                           0x0000bdfc   Section        0  printfa.o(i._printf_core)
    _printf_core                             0x0000bdfd   Thumb Code  1744  printfa.o(i._printf_core)
    i._printf_post_padding                   0x0000c4d8   Section        0  printfa.o(i._printf_post_padding)
    _printf_post_padding                     0x0000c4d9   Thumb Code    36  printfa.o(i._printf_post_padding)
    i._printf_pre_padding                    0x0000c4fc   Section        0  printfa.o(i._printf_pre_padding)
    _printf_pre_padding                      0x0000c4fd   Thumb Code    46  printfa.o(i._printf_pre_padding)
    i._sputc                                 0x0000c52a   Section        0  printfa.o(i._sputc)
    _sputc                                   0x0000c52b   Thumb Code    10  printfa.o(i._sputc)
    i.floor                                  0x0000c534   Section        0  floor.o(i.floor)
    i.free                                   0x0000c610   Section        0  malloc.o(i.free)
    i.log                                    0x0000c660   Section        0  log.o(i.log)
    i.log10                                  0x0000c9bc   Section        0  log10.o(i.log10)
    i.malloc                                 0x0000caa0   Section        0  malloc.o(i.malloc)
    i.pow                                    0x0000cb0c   Section        0  pow.o(i.pow)
    i.sqrt                                   0x0000d4e4   Section        0  sqrt.o(i.sqrt)
    .constdata                               0x0000d530   Section        9  main.o(.constdata)
    .constdata                               0x0000d539   Section        7  cjson.o(.constdata)
    firstByteMark                            0x0000d539   Data           7  cjson.o(.constdata)
    .constdata                               0x0000d540   Section      116  os_dbg.o(.constdata)
    .constdata                               0x0000d5b4   Section      256  os_core.o(.constdata)
    .constdata                               0x0000d6b8   Section      136  pow.o(.constdata)
    bp                                       0x0000d6b8   Data          16  pow.o(.constdata)
    dp_h                                     0x0000d6c8   Data          16  pow.o(.constdata)
    dp_l                                     0x0000d6d8   Data          16  pow.o(.constdata)
    L                                        0x0000d6e8   Data          48  pow.o(.constdata)
    P                                        0x0000d718   Data          40  pow.o(.constdata)
    .constdata                               0x0000d740   Section       56  log.o(.constdata)
    Lg2                                      0x0000d740   Data          24  log.o(.constdata)
    Lg                                       0x0000d758   Data          32  log.o(.constdata)
    .constdata                               0x0000d778   Section        8  qnan.o(.constdata)
    .constdata                               0x0000d780   Section       64  ctype_c.o(.constdata)
    .conststring                             0x0000d7c0   Section      577  sim800c.o(.conststring)
    .data                                    0x10000000   Section       16  main.o(.data)
    .data                                    0x10000010   Section       12  cjson.o(.data)
    ep                                       0x10000010   Data           4  cjson.o(.data)
    cJSON_malloc                             0x10000014   Data           4  cjson.o(.data)
    cJSON_free                               0x10000018   Data           4  cjson.o(.data)
    .data                                    0x1000001c   Section        4  uart0.o(.data)
    Uart0Sem                                 0x1000001c   Data           4  uart0.o(.data)
    .data                                    0x10000020   Section       30  adc.o(.data)
    .data                                    0x10000040   Section      476  sim800c.o(.data)
    err_count                                0x10000210   Data           4  sim800c.o(.data)
    err_count1                               0x10000214   Data           4  sim800c.o(.data)
    err_count                                0x10000218   Data           4  sim800c.o(.data)
    .data                                    0x1000021c   Section        5  uart.o(.data)
    Uart1Sem                                 0x1000021c   Data           4  uart.o(.data)
    uart1_flag                               0x10000220   Data           1  uart.o(.data)
    .data                                    0x10000224   Section       16  system_lpc177x_8x.o(.data)
    .data                                    0x10000234   Section        2  os_cpu_c.o(.data)
    OSTmrCtr                                 0x10000234   Data           2  os_cpu_c.o(.data)
    .data                                    0x10000238   Section       96  os_core.o(.data)
    .data                                    0x10000298   Section        4  mvars.o(.data)
    .data                                    0x1000029c   Section        4  mvars.o(.data)
    .data                                    0x100002a0   Section        4  errno.o(.data)
    _errno                                   0x100002a0   Data           4  errno.o(.data)
    .bss                                     0x100002a4   Section    35176  main.o(.bss)
    .bss                                     0x10008c0c   Section     1024  uart0.o(.bss)
    UART0SendBuf                             0x10008c0c   Data        1024  uart0.o(.bss)
    .bss                                     0x1000900c   Section     2199  sim800c.o(.bss)
    .bss                                     0x100098a4   Section     1024  uart.o(.bss)
    UART1SendBuf                             0x100098a4   Data        1024  uart.o(.bss)
    .bss                                     0x10009ca4   Section     4312  os_core.o(.bss)
    HEAP                                     0x1000ad80   Section        0  startup_lpc17xx.o(HEAP)
    STACK                                    0x1000ad80   Section      512  startup_lpc17xx.o(STACK)

    Global Symbols

    Symbol Name                              Value     Ov Type        Size  Object(Section)

    BuildAttributes$$THM_ISAv4$P$D$K$B$S$PE$A:L22UL41UL21$X:L11$S22US41US21$IEEE1$IW$USESV6$~STKCKD$USESV7$~SHL$OTIME$ROPI$IEEEX$EBA8$MICROLIB$REQ8$PRES8$EABIv2 0x00000000   Number         0  anon$$obj.o ABSOLUTE
    __ARM_use_no_argv                        0x00000000   Number         0  main.o ABSOLUTE
    __Vectors                                0x00000000   Data           4  startup_lpc17xx.o(RESET)
    _printf_a                                0x00000000   Number         0  stubs.o ABSOLUTE
    _printf_c                                0x00000000   Number         0  stubs.o ABSOLUTE
    _printf_charcount                        0x00000000   Number         0  stubs.o ABSOLUTE
    _printf_d                                0x00000000   Number         0  stubs.o ABSOLUTE
    _printf_e                                0x00000000   Number         0  stubs.o ABSOLUTE
    _printf_f                                0x00000000   Number         0  stubs.o ABSOLUTE
    _printf_flags                            0x00000000   Number         0  stubs.o ABSOLUTE
    _printf_fp_dec                           0x00000000   Number         0  stubs.o ABSOLUTE
    _printf_fp_hex                           0x00000000   Number         0  stubs.o ABSOLUTE
    _printf_g                                0x00000000   Number         0  stubs.o ABSOLUTE
    _printf_i                                0x00000000   Number         0  stubs.o ABSOLUTE
    _printf_int_dec                          0x00000000   Number         0  stubs.o ABSOLUTE
    _printf_l                                0x00000000   Number         0  stubs.o ABSOLUTE
    _printf_lc                               0x00000000   Number         0  stubs.o ABSOLUTE
    _printf_ll                               0x00000000   Number         0  stubs.o ABSOLUTE
    _printf_lld                              0x00000000   Number         0  stubs.o ABSOLUTE
    _printf_lli                              0x00000000   Number         0  stubs.o ABSOLUTE
    _printf_llo                              0x00000000   Number         0  stubs.o ABSOLUTE
    _printf_llu                              0x00000000   Number         0  stubs.o ABSOLUTE
    _printf_llx                              0x00000000   Number         0  stubs.o ABSOLUTE
    _printf_longlong_dec                     0x00000000   Number         0  stubs.o ABSOLUTE
    _printf_longlong_hex                     0x00000000   Number         0  stubs.o ABSOLUTE
    _printf_longlong_oct                     0x00000000   Number         0  stubs.o ABSOLUTE
    _printf_ls                               0x00000000   Number         0  stubs.o ABSOLUTE
    _printf_mbtowc                           0x00000000   Number         0  stubs.o ABSOLUTE
    _printf_n                                0x00000000   Number         0  stubs.o ABSOLUTE
    _printf_o                                0x00000000   Number         0  stubs.o ABSOLUTE
    _printf_p                                0x00000000   Number         0  stubs.o ABSOLUTE
    _printf_percent                          0x00000000   Number         0  stubs.o ABSOLUTE
    _printf_pre_padding                      0x00000000   Number         0  stubs.o ABSOLUTE
    _printf_return_value                     0x00000000   Number         0  stubs.o ABSOLUTE
    _printf_s                                0x00000000   Number         0  stubs.o ABSOLUTE
    _printf_sizespec                         0x00000000   Number         0  stubs.o ABSOLUTE
    _printf_str                              0x00000000   Number         0  stubs.o ABSOLUTE
    _printf_truncate_signed                  0x00000000   Number         0  stubs.o ABSOLUTE
    _printf_truncate_unsigned                0x00000000   Number         0  stubs.o ABSOLUTE
    _printf_u                                0x00000000   Number         0  stubs.o ABSOLUTE
    _printf_wc                               0x00000000   Number         0  stubs.o ABSOLUTE
    _printf_wctomb                           0x00000000   Number         0  stubs.o ABSOLUTE
    _printf_widthprec                        0x00000000   Number         0  stubs.o ABSOLUTE
    _printf_x                                0x00000000   Number         0  stubs.o ABSOLUTE
    __cpp_initialize__aeabi_                  - Undefined Weak Reference
    __cxa_finalize                            - Undefined Weak Reference
    _clock_init                               - Undefined Weak Reference
    _microlib_exit                            - Undefined Weak Reference
    _scanf_longlong                           - Undefined Weak Reference
    _scanf_real                               - Undefined Weak Reference
    _scanf_string                             - Undefined Weak Reference
    __main                                   0x000000c5   Thumb Code     0  entry.o(.ARM.Collect$$$$00000000)
    _main_stk                                0x000000c5   Thumb Code     0  entry2.o(.ARM.Collect$$$$00000001)
    _main_scatterload                        0x000000c9   Thumb Code     0  entry5.o(.ARM.Collect$$$$00000004)
    __main_after_scatterload                 0x000000cd   Thumb Code     0  entry5.o(.ARM.Collect$$$$00000004)
    _main_clock                              0x000000cd   Thumb Code     0  entry7b.o(.ARM.Collect$$$$00000008)
    _main_cpp_init                           0x000000cd   Thumb Code     0  entry8b.o(.ARM.Collect$$$$0000000A)
    _main_init                               0x000000cd   Thumb Code     0  entry9a.o(.ARM.Collect$$$$0000000B)
    __rt_final_cpp                           0x000000d5   Thumb Code     0  entry10a.o(.ARM.Collect$$$$0000000D)
    __rt_final_exit                          0x000000d5   Thumb Code     0  entry11a.o(.ARM.Collect$$$$0000000F)
    FeedDog                                  0x000000d9   Thumb Code    26  main.o(.text)
    restore_set                              0x000000f3   Thumb Code   182  main.o(.text)
    READ_EPROM_Init                          0x000001a9   Thumb Code   104  main.o(.text)
    TaskGSMTcpC                              0x00000211   Thumb Code    50  main.o(.text)
    TaskGSMRcv                               0x00000243   Thumb Code    34  main.o(.text)
    TaskGSMAlm                               0x00000265   Thumb Code   104  main.o(.text)
    TaskUart0Rcv                             0x000002cd   Thumb Code    84  main.o(.text)
    TaskUart0Cmd                             0x00000321   Thumb Code    50  main.o(.text)
    TaskCollect                              0x00000353   Thumb Code    76  main.o(.text)
    TaskWDT                                  0x0000039f   Thumb Code   216  main.o(.text)
    main                                     0x00000477   Thumb Code   286  main.o(.text)
    OSTaskReturnHook                         0x000005a1   Thumb Code     2  os_apphooks.o(.text)
    App_TaskCreateHook                       0x000005a3   Thumb Code     2  os_apphooks.o(.text)
    App_TaskDelHook                          0x000005a5   Thumb Code     2  os_apphooks.o(.text)
    App_TaskIdleHook                         0x000005a7   Thumb Code     2  os_apphooks.o(.text)
    App_TaskReturnHook                       0x000005a9   Thumb Code     2  os_apphooks.o(.text)
    App_TaskStatHook                         0x000005ab   Thumb Code     2  os_apphooks.o(.text)
    App_TaskSwHook                           0x000005ad   Thumb Code     2  os_apphooks.o(.text)
    App_TCBInitHook                          0x000005af   Thumb Code     2  os_apphooks.o(.text)
    App_TimeTickHook                         0x000005b1   Thumb Code     2  os_apphooks.o(.text)
    User_TimeTicks                           0x000005b3   Thumb Code     2  user_timeticks.o(.text)
    Cmd_process                              0x000005b5   Thumb Code  6350  cmd_process.o(.text)
    LOG_WRITE                                0x00001ea5   Thumb Code   498  log.o(.text)
    cJSON_GetErrorPtr                        0x000020c5   Thumb Code     6  cjson.o(.text)
    cJSON_Delete                             0x00002159   Thumb Code    74  cjson.o(.text)
    cJSON_ParseWithOpts                      0x00002a51   Thumb Code    96  cjson.o(.text)
    cJSON_Parse                              0x00002ab1   Thumb Code    16  cjson.o(.text)
    cJSON_Print                              0x00002f35   Thumb Code    16  cjson.o(.text)
    cJSON_PrintUnformatted                   0x00002f45   Thumb Code    16  cjson.o(.text)
    cJSON_GetArraySize                       0x00002f55   Thumb Code    18  cjson.o(.text)
    cJSON_GetArrayItem                       0x00002f67   Thumb Code    18  cjson.o(.text)
    cJSON_GetObjectItem                      0x00002f79   Thumb Code    30  cjson.o(.text)
    cJSON_AddItemToArray                     0x00002fcd   Thumb Code    42  cjson.o(.text)
    cJSON_AddItemToObject                    0x00002ff7   Thumb Code    44  cjson.o(.text)
    cJSON_AddItemReferenceToArray            0x00003023   Thumb Code    24  cjson.o(.text)
    cJSON_AddItemReferenceToObject           0x0000303b   Thumb Code    32  cjson.o(.text)
    cJSON_DetachItemFromArray                0x0000305b   Thumb Code    66  cjson.o(.text)
    cJSON_DeleteItemFromArray                0x0000309d   Thumb Code    22  cjson.o(.text)
    cJSON_DetachItemFromObject               0x000030b3   Thumb Code    50  cjson.o(.text)
    cJSON_DeleteItemFromObject               0x000030e5   Thumb Code    22  cjson.o(.text)
    cJSON_ReplaceItemInArray                 0x000030fb   Thumb Code    76  cjson.o(.text)
    cJSON_ReplaceItemInObject                0x00003147   Thumb Code    62  cjson.o(.text)
    cJSON_CreateNull                         0x00003185   Thumb Code    18  cjson.o(.text)
    cJSON_CreateTrue                         0x00003197   Thumb Code    18  cjson.o(.text)
    cJSON_CreateFalse                        0x000031a9   Thumb Code    18  cjson.o(.text)
    cJSON_CreateBool                         0x000031bb   Thumb Code    26  cjson.o(.text)
    cJSON_CreateNumber                       0x000031d5   Thumb Code    44  cjson.o(.text)
    cJSON_CreateString                       0x00003201   Thumb Code    28  cjson.o(.text)
    cJSON_CreateArray                        0x0000321d   Thumb Code    18  cjson.o(.text)
    cJSON_CreateObject                       0x0000322f   Thumb Code    18  cjson.o(.text)
    cJSON_CreateIntArray                     0x00003241   Thumb Code    68  cjson.o(.text)
    cJSON_CreateFloatArray                   0x00003285   Thumb Code    68  cjson.o(.text)
    cJSON_CreateDoubleArray                  0x000032c9   Thumb Code    68  cjson.o(.text)
    cJSON_CreateStringArray                  0x0000330d   Thumb Code    62  cjson.o(.text)
    cJSON_Duplicate                          0x0000334b   Thumb Code   172  cjson.o(.text)
    delay_nms                                0x000033f7   Thumb Code    38  delay.o(.text)
    DelayNms                                 0x0000341d   Thumb Code    40  delay.o(.text)
    QueueCreate                              0x00003445   Thumb Code    78  queue.o(.text)
    Queue_find_data                          0x00003493   Thumb Code    48  queue.o(.text)
    QueueRead                                0x000034c3   Thumb Code    96  queue.o(.text)
    QueueWrite                               0x00003523   Thumb Code    98  queue.o(.text)
    QueueNData                               0x00003585   Thumb Code    26  queue.o(.text)
    QueueSize                                0x0000359f   Thumb Code    26  queue.o(.text)
    QueueFlush                               0x000035b9   Thumb Code    36  queue.o(.text)
    Uart0WriteFull                           0x000035dd   Thumb Code    50  uart0.o(.text)
    UART0Init                                0x0000360f   Thumb Code   234  uart0.o(.text)
    UART0Putch                               0x000036f9   Thumb Code    62  uart0.o(.text)
    UART0Put_str                             0x00003737   Thumb Code    28  uart0.o(.text)
    UART0Write_Str                           0x00003753   Thumb Code    22  uart0.o(.text)
    UART0Getch                               0x00003769   Thumb Code    52  uart0.o(.text)
    UART0_IRQHandler                         0x0000379d   Thumb Code   164  uart0.o(.text)
    ADC_int                                  0x0000385d   Thumb Code   158  adc.o(.text)
    addo                                     0x000038fb   Thumb Code   104  adc.o(.text)
    adcdeal                                  0x00003963   Thumb Code   514  adc.o(.text)
    CHANNEL                                  0x00003b65   Thumb Code    62  adc.o(.text)
    optics_collect                           0x00003ba3   Thumb Code   368  adc.o(.text)
    LPC1778_EEPROM_Init                      0x00003d25   Thumb Code   106  lpc177x_8x_eeprom.o(.text)
    EEPROM_Write                             0x00003d8f   Thumb Code   370  lpc177x_8x_eeprom.o(.text)
    EEPROM_Write_Str                         0x00003f01   Thumb Code    58  lpc177x_8x_eeprom.o(.text)
    Save_To_EPROM                            0x00003f3b   Thumb Code    56  lpc177x_8x_eeprom.o(.text)
    EEPROM_Read                              0x00003f73   Thumb Code   312  lpc177x_8x_eeprom.o(.text)
    EEPROM_Read_Str                          0x000040ab   Thumb Code    54  lpc177x_8x_eeprom.o(.text)
    EEPROM_Erase                             0x000040e1   Thumb Code   112  lpc177x_8x_eeprom.o(.text)
    EEPROM_PowerDown                         0x00004151   Thumb Code    20  lpc177x_8x_eeprom.o(.text)
    timeout_err                              0x0000416d   Thumb Code     2  sim800c.o(.text)
    end_of_string                            0x0000416f   Thumb Code    28  sim800c.o(.text)
    deal_string                              0x0000418b   Thumb Code   172  sim800c.o(.text)
    get_string                               0x00004237   Thumb Code   112  sim800c.o(.text)
    check_ststus                             0x000042a7   Thumb Code    86  sim800c.o(.text)
    sim800c_init                             0x000042fd   Thumb Code   270  sim800c.o(.text)
    GSM_TCPC_INIT                            0x0000440b   Thumb Code    26  sim800c.o(.text)
    get_smscenter                            0x00004425   Thumb Code   304  sim800c.o(.text)
    get_IMEI                                 0x00004555   Thumb Code   244  sim800c.o(.text)
    sim800c_send                             0x00004649   Thumb Code   434  sim800c.o(.text)
    sim800c_send_to                          0x000047fb   Thumb Code   182  sim800c.o(.text)
    device_status_get                        0x000048b1   Thumb Code  1544  sim800c.o(.text)
    GSM_SMS_RCV                              0x00004eb9   Thumb Code   460  sim800c.o(.text)
    device_status_check                      0x00005085   Thumb Code   234  sim800c.o(.text)
    CreateBACommand                          0x0000516f   Thumb Code   310  sim800c.o(.text)
    CreateINFOCommand                        0x000052a5   Thumb Code   190  sim800c.o(.text)
    GSM_ALM                                  0x00005363   Thumb Code  1220  sim800c.o(.text)
    CreateRXWCommand                         0x00005827   Thumb Code   344  sim800c.o(.text)
    CreateRXPCommand                         0x0000597f   Thumb Code   476  sim800c.o(.text)
    CreateQBWCommand                         0x00005b5b   Thumb Code   174  sim800c.o(.text)
    GSM_TCPC                                 0x00005c09   Thumb Code  1616  sim800c.o(.text)
    GSM_SMS_W_TCPC                           0x00006259   Thumb Code   688  sim800c.o(.text)
    GSM_SMS_P_TCPC                           0x00006509   Thumb Code   514  sim800c.o(.text)
    Uart1WriteFull                           0x00006735   Thumb Code    50  uart.o(.text)
    UART1_Init                               0x00006767   Thumb Code   156  uart.o(.text)
    UART1Putch                               0x00006803   Thumb Code    62  uart.o(.text)
    UART1Put_str                             0x00006841   Thumb Code    28  uart.o(.text)
    UART1Write_Str                           0x0000685d   Thumb Code    22  uart.o(.text)
    UART1Getch                               0x00006873   Thumb Code    52  uart.o(.text)
    UART1Get                                 0x000068a7   Thumb Code    48  uart.o(.text)
    UART1GetFun                              0x000068d7   Thumb Code    64  uart.o(.text)
    UART1_IRQHandler                         0x00006917   Thumb Code   162  uart.o(.text)
    my_inet_aton                             0x000069d5   Thumb Code   132  my_inet.o(.text)
    my_inet_ntoa                             0x00006a59   Thumb Code    36  my_inet.o(.text)
    my_atof                                  0x00006a7d   Thumb Code   198  my_inet.o(.text)
    Reset_Handler                            0x00006b55   Thumb Code     8  startup_lpc17xx.o(.text)
    NMI_Handler                              0x00006b5d   Thumb Code     2  startup_lpc17xx.o(.text)
    HardFault_Handler                        0x00006b5f   Thumb Code     2  startup_lpc17xx.o(.text)
    MemManage_Handler                        0x00006b61   Thumb Code     2  startup_lpc17xx.o(.text)
    BusFault_Handler                         0x00006b63   Thumb Code     2  startup_lpc17xx.o(.text)
    UsageFault_Handler                       0x00006b65   Thumb Code     2  startup_lpc17xx.o(.text)
    SVC_Handler                              0x00006b67   Thumb Code     2  startup_lpc17xx.o(.text)
    DebugMon_Handler                         0x00006b69   Thumb Code     2  startup_lpc17xx.o(.text)
    ADC_IRQHandler                           0x00006b6f   Thumb Code     0  startup_lpc17xx.o(.text)
    BOD_IRQHandler                           0x00006b6f   Thumb Code     0  startup_lpc17xx.o(.text)
    CAN_IRQHandler                           0x00006b6f   Thumb Code     0  startup_lpc17xx.o(.text)
    DMA_IRQHandler                           0x00006b6f   Thumb Code     0  startup_lpc17xx.o(.text)
    EINT0_IRQHandler                         0x00006b6f   Thumb Code     0  startup_lpc17xx.o(.text)
    EINT1_IRQHandler                         0x00006b6f   Thumb Code     0  startup_lpc17xx.o(.text)
    EINT2_IRQHandler                         0x00006b6f   Thumb Code     0  startup_lpc17xx.o(.text)
    EINT3_IRQHandler                         0x00006b6f   Thumb Code     0  startup_lpc17xx.o(.text)
    ENET_IRQHandler                          0x00006b6f   Thumb Code     0  startup_lpc17xx.o(.text)
    I2C0_IRQHandler                          0x00006b6f   Thumb Code     0  startup_lpc17xx.o(.text)
    I2C1_IRQHandler                          0x00006b6f   Thumb Code     0  startup_lpc17xx.o(.text)
    I2C2_IRQHandler                          0x00006b6f   Thumb Code     0  startup_lpc17xx.o(.text)
    I2S_IRQHandler                           0x00006b6f   Thumb Code     0  startup_lpc17xx.o(.text)
    MCPWM_IRQHandler                         0x00006b6f   Thumb Code     0  startup_lpc17xx.o(.text)
    PLL0_IRQHandler                          0x00006b6f   Thumb Code     0  startup_lpc17xx.o(.text)
    PLL1_IRQHandler                          0x00006b6f   Thumb Code     0  startup_lpc17xx.o(.text)
    PWM1_IRQHandler                          0x00006b6f   Thumb Code     0  startup_lpc17xx.o(.text)
    QEI_IRQHandler                           0x00006b6f   Thumb Code     0  startup_lpc17xx.o(.text)
    RIT_IRQHandler                           0x00006b6f   Thumb Code     0  startup_lpc17xx.o(.text)
    RTC_IRQHandler                           0x00006b6f   Thumb Code     0  startup_lpc17xx.o(.text)
    SPI_IRQHandler                           0x00006b6f   Thumb Code     0  startup_lpc17xx.o(.text)
    SSP0_IRQHandler                          0x00006b6f   Thumb Code     0  startup_lpc17xx.o(.text)
    SSP1_IRQHandler                          0x00006b6f   Thumb Code     0  startup_lpc17xx.o(.text)
    TIMER0_IRQHandler                        0x00006b6f   Thumb Code     0  startup_lpc17xx.o(.text)
    TIMER1_IRQHandler                        0x00006b6f   Thumb Code     0  startup_lpc17xx.o(.text)
    TIMER2_IRQHandler                        0x00006b6f   Thumb Code     0  startup_lpc17xx.o(.text)
    TIMER3_IRQHandler                        0x00006b6f   Thumb Code     0  startup_lpc17xx.o(.text)
    UART2_IRQHandler                         0x00006b6f   Thumb Code     0  startup_lpc17xx.o(.text)
    UART3_IRQHandler                         0x00006b6f   Thumb Code     0  startup_lpc17xx.o(.text)
    USB_IRQHandler                           0x00006b6f   Thumb Code     0  startup_lpc17xx.o(.text)
    WDT_IRQHandler                           0x00006b6f   Thumb Code     0  startup_lpc17xx.o(.text)
    SystemCoreClockUpdate                    0x00006b79   Thumb Code   672  system_lpc177x_8x.o(.text)
    SystemInit                               0x00006e19   Thumb Code   190  system_lpc177x_8x.o(.text)
    OSInitHookBegin                          0x00006efd   Thumb Code     8  os_cpu_c.o(.text)
    OSInitHookEnd                            0x00006f05   Thumb Code     2  os_cpu_c.o(.text)
    OSTaskCreateHook                         0x00006f07   Thumb Code    12  os_cpu_c.o(.text)
    OSTaskDelHook                            0x00006f13   Thumb Code    12  os_cpu_c.o(.text)
    OSTaskIdleHook                           0x00006f1f   Thumb Code     8  os_cpu_c.o(.text)
    OSTaskStatHook                           0x00006f27   Thumb Code     8  os_cpu_c.o(.text)
    OSTaskStkInit                            0x00006f2f   Thumb Code   152  os_cpu_c.o(.text)
    OSTaskSwHook                             0x00006fc7   Thumb Code     8  os_cpu_c.o(.text)
    OSTCBInitHook                            0x00006fcf   Thumb Code    12  os_cpu_c.o(.text)
    OSTimeTickHook                           0x00006fdb   Thumb Code    34  os_cpu_c.o(.text)
    SysTick_Handler                          0x00006ffd   Thumb Code    38  os_cpu_c.o(.text)
    OS_CPU_SysTickInit                       0x00007023   Thumb Code    42  os_cpu_c.o(.text)
    OSDebugInit                              0x0000705d   Thumb Code   118  os_dbg.o(.text)
    OS_StrLen                                0x000071b9   Thumb Code    20  os_core.o(.text)
    OSEventNameGet                           0x000071cd   Thumb Code   118  os_core.o(.text)
    OSEventNameSet                           0x00007243   Thumb Code   100  os_core.o(.text)
    OS_EventTaskRemoveMulti                  0x000072a7   Thumb Code    58  os_core.o(.text)
    OS_Sched                                 0x000072fb   Thumb Code    88  os_core.o(.text)
    OS_EventTaskWaitMulti                    0x00007353   Thumb Code   136  os_core.o(.text)
    OSEventPendMulti                         0x000073db   Thumb Code   760  os_core.o(.text)
    OS_TaskStatStkChk                        0x000076d3   Thumb Code    54  os_core.o(.text)
    OS_TaskStat                              0x00007709   Thumb Code   116  os_core.o(.text)
    OS_TaskIdle                              0x000077b3   Thumb Code    34  os_core.o(.text)
    OS_MemClr                                0x0000780b   Thumb Code    18  os_core.o(.text)
    OSInit                                   0x00007933   Thumb Code    56  os_core.o(.text)
    OSIntEnter                               0x0000796b   Thumb Code    28  os_core.o(.text)
    OSIntExit                                0x00007987   Thumb Code   252  os_core.o(.text)
    OSSchedLock                              0x00007a83   Thumb Code    50  os_core.o(.text)
    OSSchedUnlock                            0x00007ab5   Thumb Code    82  os_core.o(.text)
    OSStart                                  0x00007b07   Thumb Code    48  os_core.o(.text)
    OSStatInit                               0x00007b37   Thumb Code    62  os_core.o(.text)
    OSTimeTick                               0x00007b75   Thumb Code   210  os_core.o(.text)
    OSVersion                                0x00007c47   Thumb Code     6  os_core.o(.text)
    OS_Dummy                                 0x00007c4d   Thumb Code     2  os_core.o(.text)
    OS_EventTaskRemove                       0x00007c4f   Thumb Code    42  os_core.o(.text)
    OS_EventTaskRdy                          0x00007c79   Thumb Code   128  os_core.o(.text)
    OS_EventTaskWait                         0x00007cf9   Thumb Code   112  os_core.o(.text)
    OS_EventWaitListInit                     0x00007d69   Thumb Code    28  os_core.o(.text)
    OS_MemCopy                               0x00007d85   Thumb Code    20  os_core.o(.text)
    OS_TCBInit                               0x00007d99   Thumb Code   358  os_core.o(.text)
    OSFlagAccept                             0x00007f0d   Thumb Code   262  os_flag.o(.text)
    OSFlagCreate                             0x00008013   Thumb Code    86  os_flag.o(.text)
    OS_FlagUnlink                            0x00008069   Thumb Code    36  os_flag.o(.text)
    OSFlagDel                                0x000080df   Thumb Code   224  os_flag.o(.text)
    OSFlagNameGet                            0x000081bf   Thumb Code   100  os_flag.o(.text)
    OSFlagNameSet                            0x00008223   Thumb Code    82  os_flag.o(.text)
    OSFlagPend                               0x0000830d   Thumb Code   626  os_flag.o(.text)
    OSFlagPendGetFlagsRdy                    0x0000857f   Thumb Code    26  os_flag.o(.text)
    OSFlagPost                               0x00008599   Thumb Code   322  os_flag.o(.text)
    OSFlagQuery                              0x000086db   Thumb Code    58  os_flag.o(.text)
    OS_FlagInit                              0x00008715   Thumb Code    78  os_flag.o(.text)
    OSMboxAccept                             0x00008771   Thumb Code    44  os_mbox.o(.text)
    OSMboxCreate                             0x0000879d   Thumb Code    72  os_mbox.o(.text)
    OSMboxDel                                0x000087e5   Thumb Code   220  os_mbox.o(.text)
    OSMboxPend                               0x000088c1   Thumb Code   262  os_mbox.o(.text)
    OSMboxPendAbort                          0x000089c7   Thumb Code   138  os_mbox.o(.text)
    OSMboxPost                               0x00008a51   Thumb Code    92  os_mbox.o(.text)
    OSMboxPostOpt                            0x00008aad   Thumb Code   132  os_mbox.o(.text)
    OSMboxQuery                              0x00008b31   Thumb Code   108  os_mbox.o(.text)
    OSMemCreate                              0x00008b9d   Thumb Code   164  os_mem.o(.text)
    OSMemGet                                 0x00008c41   Thumb Code    72  os_mem.o(.text)
    OSMemNameGet                             0x00008c89   Thumb Code    80  os_mem.o(.text)
    OSMemNameSet                             0x00008cd9   Thumb Code    64  os_mem.o(.text)
    OSMemPut                                 0x00008d19   Thumb Code    66  os_mem.o(.text)
    OSMemQuery                               0x00008d5b   Thumb Code    64  os_mem.o(.text)
    OS_MemInit                               0x00008d9b   Thumb Code    74  os_mem.o(.text)
    OSQAccept                                0x00008df5   Thumb Code    98  os_q.o(.text)
    OSQCreate                                0x00008e57   Thumb Code   144  os_q.o(.text)
    OSQDel                                   0x00008ee7   Thumb Code   254  os_q.o(.text)
    OSQFlush                                 0x00008fe5   Thumb Code    52  os_q.o(.text)
    OSQPend                                  0x00009019   Thumb Code   288  os_q.o(.text)
    OSQPendAbort                             0x00009139   Thumb Code   138  os_q.o(.text)
    OSQPost                                  0x000091c3   Thumb Code   120  os_q.o(.text)
    OSQPostFront                             0x0000923b   Thumb Code   146  os_q.o(.text)
    OSQPostOpt                               0x000092cd   Thumb Code   188  os_q.o(.text)
    OSQQuery                                 0x00009389   Thumb Code   110  os_q.o(.text)
    OS_QInit                                 0x000093f7   Thumb Code    72  os_q.o(.text)
    OSSemAccept                              0x00009449   Thumb Code    48  os_sem.o(.text)
    OSSemCreate                              0x00009479   Thumb Code    72  os_sem.o(.text)
    OSSemDel                                 0x000094c1   Thumb Code   220  os_sem.o(.text)
    OSSemPend                                0x0000959d   Thumb Code   236  os_sem.o(.text)
    OSSemPendAbort                           0x00009689   Thumb Code   138  os_sem.o(.text)
    OSSemPost                                0x00009713   Thumb Code    94  os_sem.o(.text)
    OSSemQuery                               0x00009771   Thumb Code    88  os_sem.o(.text)
    OSSemSet                                 0x000097c9   Thumb Code    74  os_sem.o(.text)
    OSTaskChangePrio                         0x00009829   Thumb Code   418  os_task.o(.text)
    OSTaskCreate                             0x000099cb   Thumb Code   156  os_task.o(.text)
    OS_TaskStkClr                            0x00009a67   Thumb Code    26  os_task.o(.text)
    OSTaskCreateExt                          0x00009a81   Thumb Code   178  os_task.o(.text)
    OSTaskDel                                0x00009b33   Thumb Code   354  os_task.o(.text)
    OSTaskDelReq                             0x00009c95   Thumb Code   112  os_task.o(.text)
    OSTaskNameGet                            0x00009d05   Thumb Code   140  os_task.o(.text)
    OSTaskNameSet                            0x00009d91   Thumb Code   120  os_task.o(.text)
    OSTaskResume                             0x00009e09   Thumb Code   162  os_task.o(.text)
    OSTaskStkChk                             0x00009eab   Thumb Code   150  os_task.o(.text)
    OSTaskSuspend                            0x00009f41   Thumb Code   172  os_task.o(.text)
    OSTaskQuery                              0x00009fed   Thumb Code   132  os_task.o(.text)
    OSTaskRegGet                             0x0000a071   Thumb Code    86  os_task.o(.text)
    OSTaskRegSet                             0x0000a0c7   Thumb Code    84  os_task.o(.text)
    OS_TaskReturn                            0x0000a11b   Thumb Code    18  os_task.o(.text)
    OSTimeDly                                0x0000a135   Thumb Code   100  os_time.o(.text)
    OSTimeDlyHMSM                            0x0000a199   Thumb Code   124  os_time.o(.text)
    OSTimeDlyResume                          0x0000a215   Thumb Code   168  os_time.o(.text)
    OSTimeGet                                0x0000a2bd   Thumb Code    24  os_time.o(.text)
    OSTimeSet                                0x0000a2d5   Thumb Code    24  os_time.o(.text)
    OSTmrCreate                              0x0000a33b   Thumb Code   142  os_tmr.o(.text)
    OSTmrDel                                 0x0000a441   Thumb Code   134  os_tmr.o(.text)
    OSTmrNameGet                             0x0000a4c7   Thumb Code   134  os_tmr.o(.text)
    OSTmrRemainGet                           0x0000a54d   Thumb Code   172  os_tmr.o(.text)
    OSTmrStateGet                            0x0000a5f9   Thumb Code    96  os_tmr.o(.text)
    OSTmrStart                               0x0000a6bd   Thumb Code   166  os_tmr.o(.text)
    OSTmrStop                                0x0000a763   Thumb Code   190  os_tmr.o(.text)
    OSTmrSignal                              0x0000a821   Thumb Code    16  os_tmr.o(.text)
    OSTmr_Init                               0x0000a8d7   Thumb Code   172  os_tmr.o(.text)
    tolower                                  0x0000a9e9   Thumb Code    12  tolower.o(.text)
    __aeabi_memcpy                           0x0000a9f5   Thumb Code    36  memcpya.o(.text)
    __aeabi_memcpy4                          0x0000a9f5   Thumb Code     0  memcpya.o(.text)
    __aeabi_memcpy8                          0x0000a9f5   Thumb Code     0  memcpya.o(.text)
    __aeabi_memset                           0x0000aa19   Thumb Code    14  memseta.o(.text)
    __aeabi_memset4                          0x0000aa19   Thumb Code     0  memseta.o(.text)
    __aeabi_memset8                          0x0000aa19   Thumb Code     0  memseta.o(.text)
    __aeabi_memclr                           0x0000aa27   Thumb Code     4  memseta.o(.text)
    __aeabi_memclr4                          0x0000aa27   Thumb Code     0  memseta.o(.text)
    __aeabi_memclr8                          0x0000aa27   Thumb Code     0  memseta.o(.text)
    _memset$wrapper                          0x0000aa2b   Thumb Code    18  memseta.o(.text)
    strcat                                   0x0000aa3d   Thumb Code    24  strcat.o(.text)
    strstr                                   0x0000aa55   Thumb Code    36  strstr.o(.text)
    strncpy                                  0x0000aa79   Thumb Code    24  strncpy.o(.text)
    strchr                                   0x0000aa91   Thumb Code    20  strchr.o(.text)
    strlen                                   0x0000aaa5   Thumb Code    14  strlen.o(.text)
    strcpy                                   0x0000aab3   Thumb Code    18  strcpy.o(.text)
    strncmp                                  0x0000aac5   Thumb Code    30  strncmp.o(.text)
    __0sscanf                                0x0000aae5   Thumb Code    48  __0sscanf.o(.text)
    _scanf_int                               0x0000ab1d   Thumb Code   332  _scanf_int.o(.text)
    __aeabi_fadd                             0x0000ac69   Thumb Code   164  fadd.o(.text)
    __aeabi_fsub                             0x0000ad0d   Thumb Code     6  fadd.o(.text)
    __aeabi_frsub                            0x0000ad13   Thumb Code     6  fadd.o(.text)
    __aeabi_fmul                             0x0000ad19   Thumb Code   100  fmul.o(.text)
    __aeabi_fdiv                             0x0000ad7d   Thumb Code   124  fdiv.o(.text)
    __aeabi_dadd                             0x0000adf9   Thumb Code   322  dadd.o(.text)
    __aeabi_dsub                             0x0000af3b   Thumb Code     6  dadd.o(.text)
    __aeabi_drsub                            0x0000af41   Thumb Code     6  dadd.o(.text)
    __aeabi_dmul                             0x0000af47   Thumb Code   228  dmul.o(.text)
    __aeabi_ddiv                             0x0000b02b   Thumb Code   222  ddiv.o(.text)
    __aeabi_i2f                              0x0000b109   Thumb Code    18  fflti.o(.text)
    __aeabi_ui2f                             0x0000b11b   Thumb Code    10  ffltui.o(.text)
    __aeabi_i2d                              0x0000b125   Thumb Code    34  dflti.o(.text)
    __aeabi_ui2d                             0x0000b147   Thumb Code    26  dfltui.o(.text)
    __aeabi_f2iz                             0x0000b161   Thumb Code    50  ffixi.o(.text)
    __aeabi_f2uiz                            0x0000b193   Thumb Code    40  ffixui.o(.text)
    __aeabi_d2iz                             0x0000b1bb   Thumb Code    62  dfixi.o(.text)
    __aeabi_d2uiz                            0x0000b1f9   Thumb Code    50  dfixui.o(.text)
    __aeabi_f2d                              0x0000b22b   Thumb Code    38  f2d.o(.text)
    __aeabi_cdcmpeq                          0x0000b251   Thumb Code     0  cdcmple.o(.text)
    __aeabi_cdcmple                          0x0000b251   Thumb Code    48  cdcmple.o(.text)
    __aeabi_cdrcmple                         0x0000b281   Thumb Code    48  cdrcmple.o(.text)
    __aeabi_d2f                              0x0000b2b1   Thumb Code    56  d2f.o(.text)
    __aeabi_cfcmpeq                          0x0000b2e9   Thumb Code     0  cfcmple.o(.text)
    __aeabi_cfcmple                          0x0000b2e9   Thumb Code    20  cfcmple.o(.text)
    __aeabi_cfrcmple                         0x0000b2fd   Thumb Code    20  cfrcmple.o(.text)
    __aeabi_uidiv                            0x0000b311   Thumb Code     0  uidiv.o(.text)
    __aeabi_uidivmod                         0x0000b311   Thumb Code    44  uidiv.o(.text)
    __aeabi_uldivmod                         0x0000b33d   Thumb Code    98  uldiv.o(.text)
    __aeabi_llsl                             0x0000b39f   Thumb Code    30  llshl.o(.text)
    _ll_shift_l                              0x0000b39f   Thumb Code     0  llshl.o(.text)
    __aeabi_llsr                             0x0000b3bd   Thumb Code    32  llushr.o(.text)
    _ll_ushift_r                             0x0000b3bd   Thumb Code     0  llushr.o(.text)
    __aeabi_lasr                             0x0000b3dd   Thumb Code    36  llsshr.o(.text)
    _ll_sshift_r                             0x0000b3dd   Thumb Code     0  llsshr.o(.text)
    _chval                                   0x0000b401   Thumb Code    28  _chval.o(.text)
    __vfscanf_char                           0x0000b429   Thumb Code    20  scanf_char.o(.text)
    _sgetc                                   0x0000b445   Thumb Code    30  _sgetc.o(.text)
    _sbackspace                              0x0000b463   Thumb Code    34  _sgetc.o(.text)
    __I$use$fp                               0x0000b485   Thumb Code     0  iusefp.o(.text)
    _float_round                             0x0000b485   Thumb Code    18  fepilogue.o(.text)
    _float_epilogue                          0x0000b497   Thumb Code    92  fepilogue.o(.text)
    _double_round                            0x0000b4f3   Thumb Code    30  depilogue.o(.text)
    _double_epilogue                         0x0000b511   Thumb Code   156  depilogue.o(.text)
    __ARM_scalbn                             0x0000b5ad   Thumb Code    46  dscalb.o(.text)
    scalbn                                   0x0000b5ad   Thumb Code     0  dscalb.o(.text)
    __aeabi_d2ulz                            0x0000b5db   Thumb Code    48  dfixul.o(.text)
    __scatterload                            0x0000b60d   Thumb Code    28  init.o(.text)
    __scatterload_rt2                        0x0000b60d   Thumb Code     0  init.o(.text)
    isspace                                  0x0000b631   Thumb Code    10  isspace_c.o(.text)
    __vfscanf                                0x0000b63d   Thumb Code   808  _scanf.o(.text)
    _dsqrt                                   0x0000b969   Thumb Code   162  dsqrt.o(.text)
    __ctype_lookup                           0x0000ba0d   Thumb Code    34  ctype_c.o(.text)
    __decompress                             0x0000ba35   Thumb Code     0  __dczerorl2.o(.text)
    __decompress1                            0x0000ba35   Thumb Code    86  __dczerorl2.o(.text)
    OS_CPU_SR_Save                           0x0000ba8d   Thumb Code     0  os_cpu_a.o(OSKernelschedular)
    OS_CPU_SR_Restore                        0x0000ba95   Thumb Code     0  os_cpu_a.o(OSKernelschedular)
    OSStartHighRdy                           0x0000ba9b   Thumb Code     0  os_cpu_a.o(OSKernelschedular)
    OSCtxSw                                  0x0000babb   Thumb Code     0  os_cpu_a.o(OSKernelschedular)
    OSIntCtxSw                               0x0000bac5   Thumb Code     0  os_cpu_a.o(OSKernelschedular)
    PendSV_Handler                           0x0000bacf   Thumb Code     0  os_cpu_a.o(OSKernelschedular)
    IntDisAll                                0x0000bb07   Thumb Code     0  os_cpu_a.o(OSKernelschedular)
    __0sprintf                               0x0000bb2d   Thumb Code    34  printfa.o(i.__0sprintf)
    __1sprintf                               0x0000bb2d   Thumb Code     0  printfa.o(i.__0sprintf)
    __2sprintf                               0x0000bb2d   Thumb Code     0  printfa.o(i.__0sprintf)
    __c89sprintf                             0x0000bb2d   Thumb Code     0  printfa.o(i.__0sprintf)
    sprintf                                  0x0000bb2d   Thumb Code     0  printfa.o(i.__0sprintf)
    __ARM_fpclassify                         0x0000bb55   Thumb Code    40  fpclassify.o(i.__ARM_fpclassify)
    __kernel_poly                            0x0000bb7d   Thumb Code   170  poly.o(i.__kernel_poly)
    __mathlib_dbl_divzero                    0x0000bc29   Thumb Code    12  dunder.o(i.__mathlib_dbl_divzero)
    __mathlib_dbl_infnan                     0x0000bc39   Thumb Code     6  dunder.o(i.__mathlib_dbl_infnan)
    __mathlib_dbl_infnan2                    0x0000bc3f   Thumb Code     4  dunder.o(i.__mathlib_dbl_infnan2)
    __mathlib_dbl_invalid                    0x0000bc43   Thumb Code    12  dunder.o(i.__mathlib_dbl_invalid)
    __mathlib_dbl_overflow                   0x0000bc4f   Thumb Code    14  dunder.o(i.__mathlib_dbl_overflow)
    __mathlib_dbl_underflow                  0x0000bc5d   Thumb Code    10  dunder.o(i.__mathlib_dbl_underflow)
    __scatterload_copy                       0x0000bc6d   Thumb Code    14  handlers.o(i.__scatterload_copy)
    __scatterload_null                       0x0000bc7b   Thumb Code     2  handlers.o(i.__scatterload_null)
    __scatterload_zeroinit                   0x0000bc7d   Thumb Code    14  handlers.o(i.__scatterload_zeroinit)
    __set_errno                              0x0000bc8d   Thumb Code     6  errno.o(i.__set_errno)
    floor                                    0x0000c535   Thumb Code   204  floor.o(i.floor)
    free                                     0x0000c611   Thumb Code    76  malloc.o(i.free)
    log                                      0x0000c661   Thumb Code   808  log.o(i.log)
    log10                                    0x0000c9bd   Thumb Code   198  log10.o(i.log10)
    malloc                                   0x0000caa1   Thumb Code    92  malloc.o(i.malloc)
    pow                                      0x0000cb0d   Thumb Code  2512  pow.o(i.pow)
    sqrt                                     0x0000d4e5   Thumb Code    76  sqrt.o(i.sqrt)
    SVersion                                 0x0000d530   Data           6  main.o(.constdata)
    pver                                     0x0000d536   Data           3  main.o(.constdata)
    OSDebugEn                                0x0000d540   Data           2  os_dbg.o(.constdata)
    OSEndiannessTest                         0x0000d544   Data           4  os_dbg.o(.constdata)
    OSEventEn                                0x0000d548   Data           2  os_dbg.o(.constdata)
    OSEventMax                               0x0000d54a   Data           2  os_dbg.o(.constdata)
    OSEventNameEn                            0x0000d54c   Data           2  os_dbg.o(.constdata)
    OSEventSize                              0x0000d54e   Data           2  os_dbg.o(.constdata)
    OSEventTblSize                           0x0000d550   Data           2  os_dbg.o(.constdata)
    OSEventMultiEn                           0x0000d552   Data           2  os_dbg.o(.constdata)
    OSFlagEn                                 0x0000d554   Data           2  os_dbg.o(.constdata)
    OSFlagGrpSize                            0x0000d556   Data           2  os_dbg.o(.constdata)
    OSFlagNodeSize                           0x0000d558   Data           2  os_dbg.o(.constdata)
    OSFlagWidth                              0x0000d55a   Data           2  os_dbg.o(.constdata)
    OSFlagMax                                0x0000d55c   Data           2  os_dbg.o(.constdata)
    OSFlagNameEn                             0x0000d55e   Data           2  os_dbg.o(.constdata)
    OSLowestPrio                             0x0000d560   Data           2  os_dbg.o(.constdata)
    OSMboxEn                                 0x0000d562   Data           2  os_dbg.o(.constdata)
    OSMemEn                                  0x0000d564   Data           2  os_dbg.o(.constdata)
    OSMemMax                                 0x0000d566   Data           2  os_dbg.o(.constdata)
    OSMemNameEn                              0x0000d568   Data           2  os_dbg.o(.constdata)
    OSMemSize                                0x0000d56a   Data           2  os_dbg.o(.constdata)
    OSMemTblSize                             0x0000d56c   Data           2  os_dbg.o(.constdata)
    OSMutexEn                                0x0000d56e   Data           2  os_dbg.o(.constdata)
    OSPtrSize                                0x0000d570   Data           2  os_dbg.o(.constdata)
    OSQEn                                    0x0000d572   Data           2  os_dbg.o(.constdata)
    OSQMax                                   0x0000d574   Data           2  os_dbg.o(.constdata)
    OSQSize                                  0x0000d576   Data           2  os_dbg.o(.constdata)
    OSRdyTblSize                             0x0000d578   Data           2  os_dbg.o(.constdata)
    OSSemEn                                  0x0000d57a   Data           2  os_dbg.o(.constdata)
    OSStkWidth                               0x0000d57c   Data           2  os_dbg.o(.constdata)
    OSTaskCreateEn                           0x0000d57e   Data           2  os_dbg.o(.constdata)
    OSTaskCreateExtEn                        0x0000d580   Data           2  os_dbg.o(.constdata)
    OSTaskDelEn                              0x0000d582   Data           2  os_dbg.o(.constdata)
    OSTaskIdleStkSize                        0x0000d584   Data           2  os_dbg.o(.constdata)
    OSTaskProfileEn                          0x0000d586   Data           2  os_dbg.o(.constdata)
    OSTaskMax                                0x0000d588   Data           2  os_dbg.o(.constdata)
    OSTaskNameEn                             0x0000d58a   Data           2  os_dbg.o(.constdata)
    OSTaskStatEn                             0x0000d58c   Data           2  os_dbg.o(.constdata)
    OSTaskStatStkSize                        0x0000d58e   Data           2  os_dbg.o(.constdata)
    OSTaskStatStkChkEn                       0x0000d590   Data           2  os_dbg.o(.constdata)
    OSTaskSwHookEn                           0x0000d592   Data           2  os_dbg.o(.constdata)
    OSTaskRegTblSize                         0x0000d594   Data           2  os_dbg.o(.constdata)
    OSTCBPrioTblMax                          0x0000d596   Data           2  os_dbg.o(.constdata)
    OSTCBSize                                0x0000d598   Data           2  os_dbg.o(.constdata)
    OSTicksPerSec                            0x0000d59a   Data           2  os_dbg.o(.constdata)
    OSTimeTickHookEn                         0x0000d59c   Data           2  os_dbg.o(.constdata)
    OSVersionNbr                             0x0000d59e   Data           2  os_dbg.o(.constdata)
    OSTmrEn                                  0x0000d5a0   Data           2  os_dbg.o(.constdata)
    OSTmrCfgMax                              0x0000d5a2   Data           2  os_dbg.o(.constdata)
    OSTmrCfgNameEn                           0x0000d5a4   Data           2  os_dbg.o(.constdata)
    OSTmrCfgWheelSize                        0x0000d5a6   Data           2  os_dbg.o(.constdata)
    OSTmrCfgTicksPerSec                      0x0000d5a8   Data           2  os_dbg.o(.constdata)
    OSTmrSize                                0x0000d5aa   Data           2  os_dbg.o(.constdata)
    OSTmrTblSize                             0x0000d5ac   Data           2  os_dbg.o(.constdata)
    OSTmrWheelSize                           0x0000d5ae   Data           2  os_dbg.o(.constdata)
    OSTmrWheelTblSize                        0x0000d5b0   Data           2  os_dbg.o(.constdata)
    OSDataSize                               0x0000d5b2   Data           2  os_dbg.o(.constdata)
    OSUnMapTbl                               0x0000d5b4   Data         256  os_core.o(.constdata)
    __mathlib_zero                           0x0000d778   Data           8  qnan.o(.constdata)
    __ctype_categories                       0x0000d780   Data          64  ctype_c.o(.constdata)
    Region$$Table$$Base                      0x0000da04   Number         0  anon$$obj.o(Region$$Table)
    Region$$Table$$Limit                     0x0000da24   Number         0  anon$$obj.o(Region$$Table)
    Run_flag                                 0x10000000   Data           1  main.o(.data)
    GSM_CMD_FLAG                             0x10000001   Data           1  main.o(.data)
    POWER_STAT                               0x10000002   Data           1  main.o(.data)
    POWER_STAT_OLD                           0x10000003   Data           1  main.o(.data)
    CHANNEL_STAT_OLD                         0x10000004   Data           2  main.o(.data)
    SET_FLAG                                 0x10000006   Data           1  main.o(.data)
    USE_TCP                                  0x10000007   Data           1  main.o(.data)
    flag                                     0x10000008   Data           1  main.o(.data)
    Uart0ReviceMbox                          0x1000000c   Data           4  main.o(.data)
    hardware_way                             0x10000020   Data           2  adc.o(.data)
    power                                    0x10000024   Data           8  adc.o(.data)
    power_warn                               0x1000002c   Data           8  adc.o(.data)
    power_count                              0x10000034   Data           8  adc.o(.data)
    warn                                     0x1000003c   Data           2  adc.o(.data)
    reboot                                   0x10000040   Data           4  sim800c.o(.data)
    GSM_BUF0                                 0x10000044   Data           5  sim800c.o(.data)
    GSM_BUF1                                 0x10000049   Data          12  sim800c.o(.data)
    GSM_BUF3                                 0x10000055   Data          23  sim800c.o(.data)
    GSM_BUF4                                 0x1000006c   Data          16  sim800c.o(.data)
    GSM_BUF5                                 0x1000007c   Data          12  sim800c.o(.data)
    GSM_BUF6                                 0x10000088   Data          18  sim800c.o(.data)
    GSM_BUF7                                 0x1000009a   Data          11  sim800c.o(.data)
    GSM_BUF8                                 0x100000a5   Data          11  sim800c.o(.data)
    GSM_BUF9                                 0x100000b0   Data          42  sim800c.o(.data)
    GSM_CIPSRIP                              0x100000da   Data          15  sim800c.o(.data)
    GSM_CIPSEND                              0x100000e9   Data          13  sim800c.o(.data)
    GSM_CIPCLOSE                             0x100000f6   Data          14  sim800c.o(.data)
    GSM_CIPSHUT                              0x10000104   Data          13  sim800c.o(.data)
    GSM_MSG_SET                              0x10000111   Data          19  sim800c.o(.data)
    GSM_MSG_SET_PWD                          0x10000124   Data          27  sim800c.o(.data)
    GSM_MSG_SET_PHONE                        0x1000013f   Data          35  sim800c.o(.data)
    GSM_MSG_SET_W                            0x10000162   Data          35  sim800c.o(.data)
    GSM_MSG_SET_P                            0x10000185   Data          35  sim800c.o(.data)
    GSM_MSG_ERR                              0x100001a8   Data          19  sim800c.o(.data)
    GSM_MSG_ERR1                             0x100001bb   Data          19  sim800c.o(.data)
    GSM_MSG_ERR3                             0x100001ce   Data          19  sim800c.o(.data)
    GSM_MSG_ERR4                             0x100001e1   Data          27  sim800c.o(.data)
    U0_ERR                                   0x100001fc   Data          16  sim800c.o(.data)
    ALM_FLAG                                 0x1000020c   Data           1  sim800c.o(.data)
    GSM_BUSY                                 0x1000020d   Data           1  sim800c.o(.data)
    PWR_ALM_FLAG                             0x1000020e   Data           1  sim800c.o(.data)
    CH_ALM_FLAG                              0x1000020f   Data           1  sim800c.o(.data)
    SystemCoreClock                          0x10000224   Data           4  system_lpc177x_8x.o(.data)
    PeripheralClock                          0x10000228   Data           4  system_lpc177x_8x.o(.data)
    EMCClock                                 0x1000022c   Data           4  system_lpc177x_8x.o(.data)
    USBClock                                 0x10000230   Data           4  system_lpc177x_8x.o(.data)
    OSCtxSwCtr                               0x10000238   Data           4  os_core.o(.data)
    OSEventFreeList                          0x1000023c   Data           4  os_core.o(.data)
    OSFlagFreeList                           0x10000240   Data           4  os_core.o(.data)
    OSCPUUsage                               0x10000244   Data           1  os_core.o(.data)
    OSIdleCtrMax                             0x10000248   Data           4  os_core.o(.data)
    OSIdleCtrRun                             0x1000024c   Data           4  os_core.o(.data)
    OSStatRdy                                0x10000250   Data           1  os_core.o(.data)
    OSIntNesting                             0x10000251   Data           1  os_core.o(.data)
    OSLockNesting                            0x10000252   Data           1  os_core.o(.data)
    OSPrioCur                                0x10000253   Data           1  os_core.o(.data)
    OSPrioHighRdy                            0x10000254   Data           1  os_core.o(.data)
    OSRdyGrp                                 0x10000255   Data           1  os_core.o(.data)
    OSRdyTbl                                 0x10000256   Data           8  os_core.o(.data)
    OSRunning                                0x1000025e   Data           1  os_core.o(.data)
    OSTaskCtr                                0x1000025f   Data           1  os_core.o(.data)
    OSIdleCtr                                0x10000260   Data           4  os_core.o(.data)
    OSTCBCur                                 0x10000264   Data           4  os_core.o(.data)
    OSTCBFreeList                            0x10000268   Data           4  os_core.o(.data)
    OSTCBHighRdy                             0x1000026c   Data           4  os_core.o(.data)
    OSTCBList                                0x10000270   Data           4  os_core.o(.data)
    OSTickStepState                          0x10000274   Data           1  os_core.o(.data)
    OSMemFreeList                            0x10000278   Data           4  os_core.o(.data)
    OSQFreeList                              0x1000027c   Data           4  os_core.o(.data)
    OSTime                                   0x10000280   Data           4  os_core.o(.data)
    OSTmrFree                                0x10000284   Data           2  os_core.o(.data)
    OSTmrUsed                                0x10000286   Data           2  os_core.o(.data)
    OSTmrTime                                0x10000288   Data           4  os_core.o(.data)
    OSTmrSem                                 0x1000028c   Data           4  os_core.o(.data)
    OSTmrSemSignal                           0x10000290   Data           4  os_core.o(.data)
    OSTmrFreeList                            0x10000294   Data           4  os_core.o(.data)
    __microlib_freelist                      0x10000298   Data           4  mvars.o(.data)
    __microlib_freelist_initialised          0x1000029c   Data           4  mvars.o(.data)
    GSM_PHONE_temp                           0x100002a4   Data          29  main.o(.bss)
    u0ReviceBuf                              0x100002c1   Data         120  main.o(.bss)
    EPROM                                    0x10000339   Data         209  main.o(.bss)
    TaskWDTStk                               0x1000040c   Data         512  main.o(.bss)
    TaskCollectStk                           0x1000060c   Data         512  main.o(.bss)
    TaskUart0CmdStk                          0x1000080c   Data        8192  main.o(.bss)
    TaskUart0RcvStk                          0x1000280c   Data        1024  main.o(.bss)
    TaskGSMAlmStk                            0x10002c0c   Data        8192  main.o(.bss)
    TaskGSMRcvStk                            0x10004c0c   Data        8192  main.o(.bss)
    TaskGSMTcpCStk                           0x10006c0c   Data        8192  main.o(.bss)
    sim800c_RCV_BUF                          0x1000900c   Data          60  sim800c.o(.bss)
    GSM_RCV_BUF                              0x10009048   Data        1024  sim800c.o(.bss)
    MSG_WAVELEN                              0x10009448   Data         114  sim800c.o(.bss)
    MSG_CHANNEL                              0x100094ba   Data         162  sim800c.o(.bss)
    MSG_q_power                              0x1000955c   Data         138  sim800c.o(.bss)
    MSG_CHANNEL_STAT                         0x100095e6   Data         170  sim800c.o(.bss)
    MSG_PHONE                                0x10009690   Data         231  sim800c.o(.bss)
    GSM_MSG_BUF                              0x10009777   Data         300  sim800c.o(.bss)
    OSEventTbl                               0x10009ca4   Data         480  os_core.o(.bss)
    OSFlagTbl                                0x10009e84   Data          80  os_core.o(.bss)
    OSTaskStatStk                            0x10009ed4   Data         256  os_core.o(.bss)
    OSTaskIdleStk                            0x10009fd4   Data         128  os_core.o(.bss)
    OSTCBPrioTbl                             0x1000a054   Data         256  os_core.o(.bss)
    OSTCBTbl                                 0x1000a154   Data        1936  os_core.o(.bss)
    OSMemTbl                                 0x1000a8e4   Data         120  os_core.o(.bss)
    OSQTbl                                   0x1000a95c   Data          96  os_core.o(.bss)
    OSTmrTbl                                 0x1000a9bc   Data         640  os_core.o(.bss)
    OSTmrTaskStk                             0x1000ac3c   Data         256  os_core.o(.bss)
    OSTmrWheelTbl                            0x1000ad3c   Data          64  os_core.o(.bss)
    __heap_base                              0x1000ad80   Data           0  startup_lpc17xx.o(HEAP)
    __heap_limit                             0x1000ad80   Data           0  startup_lpc17xx.o(HEAP)
    __initial_sp                             0x1000af80   Data           0  startup_lpc17xx.o(STACK)



==============================================================================

Memory Map of the image

  Image Entry point : 0x000000c5

  Load Region LR_IROM1 (Base: 0x00000000, Size: 0x0000dcc8, Max: 0x00080000, ABSOLUTE, COMPRESSED[0x0000db50])

    Execution Region ER_IROM1 (Base: 0x00000000, Size: 0x0000da24, Max: 0x00080000, ABSOLUTE)

    Base Addr    Size         Type   Attr      Idx    E Section Name        Object

    0x00000000   0x000000c4   Data   RO          414    RESET               startup_lpc17xx.o
    0x000000c4   0x00000000   Code   RO          640  * .ARM.Collect$$$$00000000  mc_w.l(entry.o)
    0x000000c4   0x00000004   Code   RO         1035    .ARM.Collect$$$$00000001  mc_w.l(entry2.o)
    0x000000c8   0x00000004   Code   RO         1038    .ARM.Collect$$$$00000004  mc_w.l(entry5.o)
    0x000000cc   0x00000000   Code   RO         1040    .ARM.Collect$$$$00000008  mc_w.l(entry7b.o)
    0x000000cc   0x00000000   Code   RO         1042    .ARM.Collect$$$$0000000A  mc_w.l(entry8b.o)
    0x000000cc   0x00000008   Code   RO         1043    .ARM.Collect$$$$0000000B  mc_w.l(entry9a.o)
    0x000000d4   0x00000000   Code   RO         1045    .ARM.Collect$$$$0000000D  mc_w.l(entry10a.o)
    0x000000d4   0x00000000   Code   RO         1047    .ARM.Collect$$$$0000000F  mc_w.l(entry11a.o)
    0x000000d4   0x00000004   Code   RO         1036    .ARM.Collect$$$$00002712  mc_w.l(entry2.o)
    0x000000d8   0x000004c8   Code   RO            1    .text               main.o
    0x000005a0   0x00000012   Code   RO          150    .text               os_apphooks.o
    0x000005b2   0x00000002   Code   RO          165    .text               user_timeticks.o
    0x000005b4   0x000018f0   Code   RO          182    .text               cmd_process.o
    0x00001ea4   0x00000220   Code   RO          208    .text               log.o
    0x000020c4   0x00001332   Code   RO          228    .text               cjson.o
    0x000033f6   0x0000004e   Code   RO          259    .text               delay.o
    0x00003444   0x00000198   Code   RO          271    .text               queue.o
    0x000035dc   0x00000280   Code   RO          283    .text               uart0.o
    0x0000385c   0x000004c8   Code   RO          310    .text               adc.o
    0x00003d24   0x00000448   Code   RO          332    .text               lpc177x_8x_eeprom.o
    0x0000416c   0x000025c8   Code   RO          350    .text               sim800c.o
    0x00006734   0x000002a0   Code   RO          378    .text               uart.o
    0x000069d4   0x00000180   Code   RO          396    .text               my_inet.o
    0x00006b54   0x00000024   Code   RO          415    .text               startup_lpc17xx.o
    0x00006b78   0x00000384   Code   RO          430    .text               system_lpc177x_8x.o
    0x00006efc   0x00000160   Code   RO          448    .text               os_cpu_c.o
    0x0000705c   0x0000015c   Code   RO          472    .text               os_dbg.o
    0x000071b8   0x00000d54   Code   RO          490    .text               os_core.o
    0x00007f0c   0x00000864   Code   RO          510    .text               os_flag.o
    0x00008770   0x0000042c   Code   RO          522    .text               os_mbox.o
    0x00008b9c   0x00000258   Code   RO          534    .text               os_mem.o
    0x00008df4   0x00000654   Code   RO          558    .text               os_q.o
    0x00009448   0x000003e0   Code   RO          570    .text               os_sem.o
    0x00009828   0x0000090c   Code   RO          582    .text               os_task.o
    0x0000a134   0x000001d4   Code   RO          594    .text               os_time.o
    0x0000a308   0x000006e0   Code   RO          606    .text               os_tmr.o
    0x0000a9e8   0x0000000c   Code   RO          643    .text               mc_w.l(tolower.o)
    0x0000a9f4   0x00000024   Code   RO          645    .text               mc_w.l(memcpya.o)
    0x0000aa18   0x00000024   Code   RO          647    .text               mc_w.l(memseta.o)
    0x0000aa3c   0x00000018   Code   RO          649    .text               mc_w.l(strcat.o)
    0x0000aa54   0x00000024   Code   RO          651    .text               mc_w.l(strstr.o)
    0x0000aa78   0x00000018   Code   RO          653    .text               mc_w.l(strncpy.o)
    0x0000aa90   0x00000014   Code   RO          655    .text               mc_w.l(strchr.o)
    0x0000aaa4   0x0000000e   Code   RO          657    .text               mc_w.l(strlen.o)
    0x0000aab2   0x00000012   Code   RO          659    .text               mc_w.l(strcpy.o)
    0x0000aac4   0x0000001e   Code   RO          661    .text               mc_w.l(strncmp.o)
    0x0000aae2   0x00000002   PAD
    0x0000aae4   0x00000038   Code   RO          954    .text               mc_w.l(__0sscanf.o)
    0x0000ab1c   0x0000014c   Code   RO          956    .text               mc_w.l(_scanf_int.o)
    0x0000ac68   0x000000b0   Code   RO          958    .text               mf_w.l(fadd.o)
    0x0000ad18   0x00000064   Code   RO          960    .text               mf_w.l(fmul.o)
    0x0000ad7c   0x0000007c   Code   RO          962    .text               mf_w.l(fdiv.o)
    0x0000adf8   0x0000014e   Code   RO          964    .text               mf_w.l(dadd.o)
    0x0000af46   0x000000e4   Code   RO          966    .text               mf_w.l(dmul.o)
    0x0000b02a   0x000000de   Code   RO          968    .text               mf_w.l(ddiv.o)
    0x0000b108   0x00000012   Code   RO          970    .text               mf_w.l(fflti.o)
    0x0000b11a   0x0000000a   Code   RO          972    .text               mf_w.l(ffltui.o)
    0x0000b124   0x00000022   Code   RO          974    .text               mf_w.l(dflti.o)
    0x0000b146   0x0000001a   Code   RO          976    .text               mf_w.l(dfltui.o)
    0x0000b160   0x00000032   Code   RO          978    .text               mf_w.l(ffixi.o)
    0x0000b192   0x00000028   Code   RO          980    .text               mf_w.l(ffixui.o)
    0x0000b1ba   0x0000003e   Code   RO          982    .text               mf_w.l(dfixi.o)
    0x0000b1f8   0x00000032   Code   RO          984    .text               mf_w.l(dfixui.o)
    0x0000b22a   0x00000026   Code   RO          986    .text               mf_w.l(f2d.o)
    0x0000b250   0x00000030   Code   RO          988    .text               mf_w.l(cdcmple.o)
    0x0000b280   0x00000030   Code   RO          990    .text               mf_w.l(cdrcmple.o)
    0x0000b2b0   0x00000038   Code   RO          992    .text               mf_w.l(d2f.o)
    0x0000b2e8   0x00000014   Code   RO          994    .text               mf_w.l(cfcmple.o)
    0x0000b2fc   0x00000014   Code   RO          996    .text               mf_w.l(cfrcmple.o)
    0x0000b310   0x0000002c   Code   RO         1052    .text               mc_w.l(uidiv.o)
    0x0000b33c   0x00000062   Code   RO         1054    .text               mc_w.l(uldiv.o)
    0x0000b39e   0x0000001e   Code   RO         1056    .text               mc_w.l(llshl.o)
    0x0000b3bc   0x00000020   Code   RO         1058    .text               mc_w.l(llushr.o)
    0x0000b3dc   0x00000024   Code   RO         1060    .text               mc_w.l(llsshr.o)
    0x0000b400   0x0000001c   Code   RO         1071    .text               mc_w.l(_chval.o)
    0x0000b41c   0x00000028   Code   RO         1073    .text               mc_w.l(scanf_char.o)
    0x0000b444   0x00000040   Code   RO         1075    .text               mc_w.l(_sgetc.o)
    0x0000b484   0x00000000   Code   RO         1077    .text               mc_w.l(iusefp.o)
    0x0000b484   0x0000006e   Code   RO         1078    .text               mf_w.l(fepilogue.o)
    0x0000b4f2   0x000000ba   Code   RO         1080    .text               mf_w.l(depilogue.o)
    0x0000b5ac   0x0000002e   Code   RO         1082    .text               mf_w.l(dscalb.o)
    0x0000b5da   0x00000030   Code   RO         1084    .text               mf_w.l(dfixul.o)
    0x0000b60a   0x00000002   PAD
    0x0000b60c   0x00000024   Code   RO         1086    .text               mc_w.l(init.o)
    0x0000b630   0x0000000a   Code   RO         1089    .text               mc_w.l(isspace_c.o)
    0x0000b63a   0x00000002   PAD
    0x0000b63c   0x0000032c   Code   RO         1091    .text               mc_w.l(_scanf.o)
    0x0000b968   0x000000a2   Code   RO         1094    .text               mf_w.l(dsqrt.o)
    0x0000ba0a   0x00000002   PAD
    0x0000ba0c   0x00000028   Code   RO         1096    .text               mc_w.l(ctype_c.o)
    0x0000ba34   0x00000056   Code   RO         1107    .text               mc_w.l(__dczerorl2.o)
    0x0000ba8a   0x00000002   PAD
    0x0000ba8c   0x000000a0   Code   RO          487    OSKernelschedular   os_cpu_a.o
    0x0000bb2c   0x00000028   Code   RO          900    i.__0sprintf        mc_w.l(printfa.o)
    0x0000bb54   0x00000028   Code   RO         1012    i.__ARM_fpclassify  m_ws.l(fpclassify.o)
    0x0000bb7c   0x000000aa   Code   RO         1024    i.__kernel_poly     m_ws.l(poly.o)
    0x0000bc26   0x00000002   PAD
    0x0000bc28   0x00000010   Code   RO          998    i.__mathlib_dbl_divzero  m_ws.l(dunder.o)
    0x0000bc38   0x00000006   Code   RO          999    i.__mathlib_dbl_infnan  m_ws.l(dunder.o)
    0x0000bc3e   0x00000004   Code   RO         1000    i.__mathlib_dbl_infnan2  m_ws.l(dunder.o)
    0x0000bc42   0x0000000c   Code   RO         1001    i.__mathlib_dbl_invalid  m_ws.l(dunder.o)
    0x0000bc4e   0x0000000e   Code   RO         1002    i.__mathlib_dbl_overflow  m_ws.l(dunder.o)
    0x0000bc5c   0x00000010   Code   RO         1004    i.__mathlib_dbl_underflow  m_ws.l(dunder.o)
    0x0000bc6c   0x0000000e   Code   RO         1101    i.__scatterload_copy  mc_w.l(handlers.o)
    0x0000bc7a   0x00000002   Code   RO         1102    i.__scatterload_null  mc_w.l(handlers.o)
    0x0000bc7c   0x0000000e   Code   RO         1103    i.__scatterload_zeroinit  mc_w.l(handlers.o)
    0x0000bc8a   0x00000002   PAD
    0x0000bc8c   0x0000000c   Code   RO         1066    i.__set_errno       mc_w.l(errno.o)
    0x0000bc98   0x00000164   Code   RO          905    i._fp_digits        mc_w.l(printfa.o)
    0x0000bdfc   0x000006dc   Code   RO          906    i._printf_core      mc_w.l(printfa.o)
    0x0000c4d8   0x00000024   Code   RO          907    i._printf_post_padding  mc_w.l(printfa.o)
    0x0000c4fc   0x0000002e   Code   RO          908    i._printf_pre_padding  mc_w.l(printfa.o)
    0x0000c52a   0x0000000a   Code   RO          910    i._sputc            mc_w.l(printfa.o)
    0x0000c534   0x000000dc   Code   RO          619    i.floor             m_ws.l(floor.o)
    0x0000c610   0x00000050   Code   RO          926    i.free              mc_w.l(malloc.o)
    0x0000c660   0x0000035c   Code   RO         1015    i.log               m_ws.l(log.o)
    0x0000c9bc   0x000000e4   Code   RO          623    i.log10             m_ws.l(log10.o)
    0x0000caa0   0x0000006c   Code   RO          927    i.malloc            mc_w.l(malloc.o)
    0x0000cb0c   0x000009d8   Code   RO          631    i.pow               m_ws.l(pow.o)
    0x0000d4e4   0x0000004c   Code   RO         1028    i.sqrt              m_ws.l(sqrt.o)
    0x0000d530   0x00000009   Data   RO            3    .constdata          main.o
    0x0000d539   0x00000007   Data   RO          229    .constdata          cjson.o
    0x0000d540   0x00000074   Data   RO          473    .constdata          os_dbg.o
    0x0000d5b4   0x00000100   Data   RO          492    .constdata          os_core.o
    0x0000d6b4   0x00000004   PAD
    0x0000d6b8   0x00000088   Data   RO          632    .constdata          m_ws.l(pow.o)
    0x0000d740   0x00000038   Data   RO         1016    .constdata          m_ws.l(log.o)
    0x0000d778   0x00000008   Data   RO         1026    .constdata          m_ws.l(qnan.o)
    0x0000d780   0x00000040   Data   RO         1097    .constdata          mc_w.l(ctype_c.o)
    0x0000d7c0   0x00000241   Data   RO          352    .conststring        sim800c.o
    0x0000da01   0x00000003   PAD
    0x0000da04   0x00000020   Data   RO         1099    Region$$Table       anon$$obj.o


    Execution Region RW_IRAM1 (Base: 0x10000000, Size: 0x0000af80, Max: 0x00010000, ABSOLUTE, COMPRESSED[0x0000012c])

    Base Addr    Size         Type   Attr      Idx    E Section Name        Object

    0x10000000   0x00000010   Data   RW            4    .data               main.o
    0x10000010   0x0000000c   Data   RW          230    .data               cjson.o
    0x1000001c   0x00000004   Data   RW          285    .data               uart0.o
    0x10000020   0x0000001e   Data   RW          311    .data               adc.o
    0x1000003e   0x00000002   PAD
    0x10000040   0x000001dc   Data   RW          353    .data               sim800c.o
    0x1000021c   0x00000005   Data   RW          380    .data               uart.o
    0x10000221   0x00000003   PAD
    0x10000224   0x00000010   Data   RW          431    .data               system_lpc177x_8x.o
    0x10000234   0x00000002   Data   RW          449    .data               os_cpu_c.o
    0x10000236   0x00000002   PAD
    0x10000238   0x00000060   Data   RW          493    .data               os_core.o
    0x10000298   0x00000004   Data   RW         1062    .data               mc_w.l(mvars.o)
    0x1000029c   0x00000004   Data   RW         1063    .data               mc_w.l(mvars.o)
    0x100002a0   0x00000004   Data   RW         1067    .data               mc_w.l(errno.o)
    0x100002a4   0x00008968   Zero   RW            2    .bss                main.o
    0x10008c0c   0x00000400   Zero   RW          284    .bss                uart0.o
    0x1000900c   0x00000897   Zero   RW          351    .bss                sim800c.o
    0x100098a3   0x00000001   PAD
    0x100098a4   0x00000400   Zero   RW          379    .bss                uart.o
    0x10009ca4   0x000010d8   Zero   RW          491    .bss                os_core.o
    0x1000ad7c   0x00000004   PAD
    0x1000ad80   0x00000000   Zero   RW          413    HEAP                startup_lpc17xx.o
    0x1000ad80   0x00000200   Zero   RW          412    STACK               startup_lpc17xx.o


==============================================================================

Image component sizes


      Code (inc. data)   RO Data    RW Data    ZI Data      Debug   Object Name

      1224        114          0         30          0       2927   adc.o
      4914        178          7         12          0      18723   cjson.o
      6384       1056          0          0          0       7800   cmd_process.o
        78          0          0          0          0        809   delay.o
       544         46          0          0          0       1240   log.o
      1096         32          0          0          0       4644   lpc177x_8x_eeprom.o
      1224        116          9         16      35176      53663   main.o
       384         32          0          0          0       1696   my_inet.o
        18          0          0          0          0       1455   os_apphooks.o
      3412        286        256         96       4312      19323   os_core.o
       160         28          0          0          0        360   os_cpu_a.o
       352         16          0          2          0      13023   os_cpu_c.o
       348        230        116          0          0       3510   os_dbg.o
      2148         44          0          0          0       7300   os_flag.o
      1068         20          0          0          0       4514   os_mbox.o
       600         16          0          0          0       3564   os_mem.o
      1620         34          0          0          0       6077   os_q.o
       992         22          0          0          0       4226   os_sem.o
      2316         76          0          0          0       8457   os_task.o
       468         28          0          0          0       1942   os_time.o
      1760        130          0          0          0       5949   os_tmr.o
       408          0          0          0          0       2959   queue.o
      9672       1320        577        476       2199      15846   sim800c.o
        36          8        196          0        512        840   startup_lpc17xx.o
       900         38          0         16          0       1303   system_lpc177x_8x.o
       672         28          0          5       1024       3320   uart.o
       640         38          0          4       1024      19713   uart0.o
         2          0          0          0          0       2631   user_timeticks.o

    ----------------------------------------------------------------------
     43440       3936       1200        664      44252     217814   Object Totals
         0          0         32          0          0          0   (incl. Generated)
         0          0          7          7          5          0   (incl. Padding)

    ----------------------------------------------------------------------

      Code (inc. data)   RO Data    RW Data    ZI Data      Debug   Library Member Name

        68         10          0          0          0        408   dunder.o
       220         16          0          0          0         84   floor.o
        40          0          0          0          0         68   fpclassify.o
       860         52         56          0          0        256   log.o
       228         30          0          0          0        120   log10.o
       170          0          0          0          0         96   poly.o
      2520        190        136          0          0        324   pow.o
         0          0          8          0          0          0   qnan.o
        76          0          0          0          0         84   sqrt.o
        56          8          0          0          0         84   __0sscanf.o
        86          0          0          0          0          0   __dczerorl2.o
        28          0          0          0          0         68   _chval.o
       812          4          0          0          0        112   _scanf.o
       332          0          0          0          0         96   _scanf_int.o
        64          0          0          0          0         84   _sgetc.o
        40          6         64          0          0         68   ctype_c.o
         0          0          0          0          0          0   entry.o
         0          0          0          0          0          0   entry10a.o
         0          0          0          0          0          0   entry11a.o
         8          4          0          0          0          0   entry2.o
         4          0          0          0          0          0   entry5.o
         0          0          0          0          0          0   entry7b.o
         0          0          0          0          0          0   entry8b.o
         8          4          0          0          0          0   entry9a.o
        12          6          0          4          0         68   errno.o
        30          0          0          0          0          0   handlers.o
        36          8          0          0          0         68   init.o
        10          0          0          0          0         68   isspace_c.o
         0          0          0          0          0          0   iusefp.o
        30          0          0          0          0         68   llshl.o
        36          0          0          0          0         68   llsshr.o
        32          0          0          0          0         68   llushr.o
       188         20          0          0          0        160   malloc.o
        36          0          0          0          0         68   memcpya.o
        36          0          0          0          0        108   memseta.o
         0          0          0          8          0          0   mvars.o
      2244         86          0          0          0        512   printfa.o
        40          8          0          0          0         84   scanf_char.o
        24          0          0          0          0         68   strcat.o
        20          0          0          0          0         68   strchr.o
        18          0          0          0          0         68   strcpy.o
        14          0          0          0          0         68   strlen.o
        30          0          0          0          0         80   strncmp.o
        24          0          0          0          0         76   strncpy.o
        36          0          0          0          0         80   strstr.o
        12          0          0          0          0         68   tolower.o
        44          0          0          0          0         80   uidiv.o
        98          0          0          0          0         92   uldiv.o
        48          0          0          0          0         68   cdcmple.o
        48          0          0          0          0         68   cdrcmple.o
        20          0          0          0          0         68   cfcmple.o
        20          0          0          0          0         68   cfrcmple.o
        56          0          0          0          0         88   d2f.o
       334          0          0          0          0        148   dadd.o
       222          0          0          0          0        100   ddiv.o
       186          0          0          0          0        176   depilogue.o
        62          0          0          0          0         80   dfixi.o
        50          0          0          0          0         76   dfixui.o
        48          0          0          0          0         68   dfixul.o
        34          0          0          0          0         76   dflti.o
        26          0          0          0          0         76   dfltui.o
       228          0          0          0          0         96   dmul.o
        46          0          0          0          0         80   dscalb.o
       162          0          0          0          0        100   dsqrt.o
        38          0          0          0          0         68   f2d.o
       176          0          0          0          0        140   fadd.o
       124          0          0          0          0         88   fdiv.o
       110          0          0          0          0        168   fepilogue.o
        50          0          0          0          0         68   ffixi.o
        40          0          0          0          0         68   ffixui.o
        18          0          0          0          0         68   fflti.o
        10          0          0          0          0         68   ffltui.o
       100          0          0          0          0         76   fmul.o

    ----------------------------------------------------------------------
     10940        452        264         12          0       6288   Library Totals
        14          0          0          0          0          0   (incl. Padding)

    ----------------------------------------------------------------------

      Code (inc. data)   RO Data    RW Data    ZI Data      Debug   Library Name

      4182        298        200          0          0       1440   m_ws.l
      4488        154         64         12          0       2600   mc_w.l
      2256          0          0          0          0       2248   mf_w.l

    ----------------------------------------------------------------------
     10940        452        264         12          0       6288   Library Totals

    ----------------------------------------------------------------------

==============================================================================


      Code (inc. data)   RO Data    RW Data    ZI Data      Debug   

     54380       4388       1464        676      44252     218978   Grand Totals
     54380       4388       1464        300      44252     218978   ELF Image Totals (compressed)
     54380       4388       1464        300          0          0   ROM Totals

==============================================================================

    Total RO  Size (Code + RO Data)                55844 (  54.54kB)
    Total RW  Size (RW Data + ZI Data)             44928 (  43.88kB)
    Total ROM Size (Code + RO Data + RW Data)      56144 (  54.83kB)

==============================================================================

